=== run_replay v2 | 2026-09-30T09:09:22Z ===
ref=runs/final_20260718_1728 out=runs/replay_dynamics algos=re jobs=16 backend=nats log=runs/replay_dynamics/run_replay.log
bash 5.2.21(1)-release | Python 3.12.3 | venv=<repo>/.venv | cores=32
               total        used        free      shared  buff/cache   available
Mem:              31           1          28           0           1          29
--- stage 1/3: smoke
  seed 0: verified=True mismatch=[] unique@1000=731
  seed 1: verified=True mismatch=[] unique@1000=771
[replay] SMOKE PASS on ImageNet16-120__re__synflow50__b0 (15s)
--- stage 2/3: replay
[replay] 168 units | algos=['re'] | jobs=16 | outdir=runs/replay_dynamics
[ok] ImageNet16-120__re__naswot50__b100 (153s)
[ok] ImageNet16-120__re__naswot50__b175 (154s)
[ok] ImageNet16-120__re__naswot50__b125 (157s)
[ok] ImageNet16-120__re__naswot50__b50 (158s)
[ok] ImageNet16-120__re__naswot50__b75 (159s)
[ok] ImageNet16-120__re__naswot50__b0 (161s)
[ok] ImageNet16-120__re__naswot50__b150 (162s)
[ok] ImageNet16-120__re__naswot50__b25 (163s)
[ok] ImageNet16-120__re__full__b150 (170s)
[ok] ImageNet16-120__re__full__b50 (172s)
[ok] ImageNet16-120__re__full__b125 (174s)
[ok] ImageNet16-120__re__full__b75 (175s)
[ok] ImageNet16-120__re__full__b100 (179s)
[ok] ImageNet16-120__re__full__b0 (179s)
[ok] ImageNet16-120__re__full__b175 (179s)
[ok] ImageNet16-120__re__full__b25 (182s)
[ok] ImageNet16-120__re__no_none__b0 (101s)
[ok] ImageNet16-120__re__no_none__b100 (102s)
[ok] ImageNet16-120__re__no_none__b125 (103s)
[ok] ImageNet16-120__re__no_none__b175 (107s)
[ok] ImageNet16-120__re__no_none__b150 (109s)
[ok] ImageNet16-120__re__no_none__b25 (108s)
[ok] ImageNet16-120__re__no_none__b75 (107s)
[ok] ImageNet16-120__re__no_none__b50 (110s)
[ok] ImageNet16-120__re__param50__b0 (156s)
[ok] ImageNet16-120__re__param50__b150 (160s)
[ok] ImageNet16-120__re__param50__b175 (157s)
[ok] ImageNet16-120__re__param50__b125 (162s)
[ok] ImageNet16-120__re__randM4096__b0 (84s)
[ok] ImageNet16-120__re__param50__b50 (160s)
[ok] ImageNet16-120__re__param50__b75 (157s)
[ok] ImageNet16-120__re__randM4096__b100 (84s)
[ok] ImageNet16-120__re__randM4096__b125 (84s)
[ok] ImageNet16-120__re__param50__b100 (173s)
[ok] ImageNet16-120__re__param50__b25 (168s)
[ok] ImageNet16-120__re__randM4096__b175 (81s)
[ok] ImageNet16-120__re__randM4096__b150 (85s)
[ok] ImageNet16-120__re__randM4096__b75 (81s)
[ok] ImageNet16-120__re__randM4096__b25 (86s)
[ok] ImageNet16-120__re__randM4096__b50 (89s)
[ok] ImageNet16-120__re__randM7813__b0 (140s)
[ok] ImageNet16-120__re__randM7813__b100 (135s)
[ok] ImageNet16-120__re__randM7813__b25 (135s)
[ok] ImageNet16-120__re__randM7813__b125 (141s)
[ok] ImageNet16-120__re__randM7813__b75 (136s)
[ok] ImageNet16-120__re__randM7813__b175 (140s)
[ok] ImageNet16-120__re__randM7813__b50 (143s)
[ok] ImageNet16-120__re__randM7813__b150 (148s)
[ok] ImageNet16-120__re__synflow50__b0 (157s)
[ok] ImageNet16-120__re__synflow50__b175 (154s)
[ok] ImageNet16-120__re__synflow50__b100 (163s)
[ok] ImageNet16-120__re__synflow50__b125 (164s)
[ok] ImageNet16-120__re__synflow50__b25 (161s)
[ok] ImageNet16-120__re__synflow50__b150 (166s)
[ok] ImageNet16-120__re__synflow50__b75 (157s)
[ok] ImageNet16-120__re__synflow50__b50 (163s)
[ok] cifar10-valid__re__naswot50__b0 (115s)
[ok] cifar10-valid__re__naswot50__b125 (110s)
[ok] cifar10-valid__re__naswot50__b100 (119s)
[ok] cifar10-valid__re__naswot50__b150 (116s)
[ok] cifar10-valid__re__full__b150 (156s)
[ok] cifar10-valid__re__full__b100 (162s)
[ok] cifar10-valid__re__naswot50__b50 (117s)
[ok] cifar10-valid__re__naswot50__b175 (120s)
[ok] cifar10-valid__re__naswot50__b75 (116s)
[ok] cifar10-valid__re__full__b25 (157s)
[ok] cifar10-valid__re__naswot50__b25 (121s)
[ok] cifar10-valid__re__full__b0 (170s)
[ok] cifar10-valid__re__full__b125 (169s)
[ok] cifar10-valid__re__full__b75 (159s)
[ok] cifar10-valid__re__full__b175 (169s)
[ok] cifar10-valid__re__full__b50 (167s)
[ok] cifar10-valid__re__no_none__b0 (90s)
[ok] cifar10-valid__re__no_none__b100 (90s)
[ok] cifar10-valid__re__no_none__b125 (86s)
[ok] cifar10-valid__re__no_none__b50 (85s)
[ok] cifar10-valid__re__no_none__b25 (86s)
[ok] cifar10-valid__re__no_none__b150 (93s)
[ok] cifar10-valid__re__no_none__b175 (91s)
[ok] cifar10-valid__re__no_none__b75 (90s)
[ok] cifar10-valid__re__param50__b125 (127s)
[ok] cifar10-valid__re__param50__b100 (131s)
[ok] cifar10-valid__re__param50__b0 (139s)
[ok] cifar10-valid__re__param50__b150 (138s)
[ok] cifar10-valid__re__param50__b50 (129s)
[ok] cifar10-valid__re__param50__b25 (134s)
[ok] cifar10-valid__re__param50__b175 (134s)
[ok] cifar10-valid__re__randM4096__b100 (70s)
[ok] cifar10-valid__re__randM4096__b0 (77s)
[ok] cifar10-valid__re__param50__b75 (134s)
[ok] cifar10-valid__re__randM4096__b150 (68s)
[ok] cifar10-valid__re__randM4096__b125 (79s)
[ok] cifar10-valid__re__randM4096__b25 (73s)
[ok] cifar10-valid__re__randM4096__b50 (72s)
[ok] cifar10-valid__re__randM4096__b175 (78s)
[ok] cifar10-valid__re__randM4096__b75 (73s)
[ok] cifar10-valid__re__randM7813__b0 (123s)
[ok] cifar10-valid__re__randM7813__b125 (113s)
[ok] cifar10-valid__re__randM7813__b100 (124s)
[ok] cifar10-valid__re__randM7813__b175 (121s)
[ok] cifar10-valid__re__randM7813__b75 (121s)
[ok] cifar10-valid__re__randM7813__b150 (126s)
[ok] cifar10-valid__re__randM7813__b25 (124s)
[ok] cifar10-valid__re__randM7813__b50 (125s)
[ok] cifar10-valid__re__synflow50__b125 (123s)
[ok] cifar10-valid__re__synflow50__b175 (122s)
[ok] cifar10-valid__re__synflow50__b100 (133s)
[ok] cifar10-valid__re__synflow50__b0 (135s)
[ok] cifar10-valid__re__synflow50__b25 (125s)
[ok] cifar10-valid__re__synflow50__b150 (132s)
[ok] cifar10-valid__re__synflow50__b75 (131s)
[ok] cifar10-valid__re__synflow50__b50 (135s)
[ok] cifar100__re__naswot50__b0 (143s)
[ok] cifar100__re__full__b125 (167s)
[ok] cifar100__re__naswot50__b125 (142s)
[ok] cifar100__re__naswot50__b25 (137s)
[ok] cifar100__re__naswot50__b150 (142s)
[ok] cifar100__re__full__b100 (177s)
[ok] cifar100__re__full__b150 (167s)
[ok] cifar100__re__naswot50__b175 (146s)
[ok] cifar100__re__full__b25 (167s)
[ok] cifar100__re__full__b0 (181s)
[ok] cifar100__re__naswot50__b100 (156s)
[ok] cifar100__re__naswot50__b50 (143s)
[ok] cifar100__re__full__b175 (176s)
[ok] cifar100__re__naswot50__b75 (145s)
[ok] cifar100__re__full__b50 (177s)
[ok] cifar100__re__full__b75 (180s)
[ok] cifar100__re__no_none__b0 (98s)
[ok] cifar100__re__no_none__b125 (95s)
[ok] cifar100__re__no_none__b175 (98s)
[ok] cifar100__re__no_none__b100 (101s)
[ok] cifar100__re__no_none__b150 (100s)
[ok] cifar100__re__no_none__b50 (95s)
[ok] cifar100__re__no_none__b25 (103s)
[ok] cifar100__re__no_none__b75 (100s)
[ok] cifar100__re__param50__b0 (153s)
[ok] cifar100__re__param50__b125 (154s)
[ok] cifar100__re__param50__b175 (152s)
[ok] cifar100__re__param50__b100 (160s)
[ok] cifar100__re__param50__b50 (152s)
[ok] cifar100__re__param50__b150 (162s)
[ok] cifar100__re__randM4096__b0 (82s)
[ok] cifar100__re__randM4096__b125 (76s)
[ok] cifar100__re__param50__b25 (157s)
[ok] cifar100__re__randM4096__b150 (79s)
[ok] cifar100__re__randM4096__b175 (80s)
[ok] cifar100__re__randM4096__b100 (86s)
[ok] cifar100__re__randM4096__b25 (85s)
[ok] cifar100__re__param50__b75 (162s)
[ok] cifar100__re__randM4096__b75 (82s)
[ok] cifar100__re__randM4096__b50 (89s)
[ok] cifar100__re__randM7813__b100 (127s)
[ok] cifar100__re__randM7813__b0 (133s)
[ok] cifar100__re__randM7813__b125 (130s)
[ok] cifar100__re__randM7813__b175 (130s)
[ok] cifar100__re__randM7813__b25 (130s)
[ok] cifar100__re__randM7813__b50 (130s)
[ok] cifar100__re__randM7813__b150 (136s)
[ok] cifar100__re__randM7813__b75 (139s)
[ok] cifar100__re__synflow50__b0 (148s)
[ok] cifar100__re__synflow50__b125 (148s)
[ok] cifar100__re__synflow50__b100 (155s)
[ok] cifar100__re__synflow50__b175 (150s)
[ok] cifar100__re__synflow50__b25 (154s)
[ok] cifar100__re__synflow50__b150 (161s)
[ok] cifar100__re__synflow50__b50 (157s)
[ok] cifar100__re__synflow50__b75 (155s)
[replay] done | {'ok': 168}
--- stage 3/3: gate
[dynamics] GATE PASS, written to runs/replay_dynamics/summary
[run_replay] DONE. Send back the folder runs/replay_dynamics/summary/ (3 files).
